

================================================================
== Vivado HLS Report for 'lnzero'
================================================================
* Date:           Fri Mar 25 17:05:23 2022

* Version:        2019.2.1 (Build 2724168 on Thu Dec 05 05:19:09 MST 2019)
* Project:        proj
* Solution:       solution1
* Product family: kintexu
* Target device:  xcku115-flvf1924-2-i


================================================================
== Performance Estimates
================================================================
+ Timing: 
    * Summary: 
    +--------+---------+----------+------------+
    |  Clock |  Target | Estimated| Uncertainty|
    +--------+---------+----------+------------+
    |ap_clk  | 2.50 ns | 2.171 ns |   0.31 ns  |
    +--------+---------+----------+------------+

+ Latency: 
    * Summary: 
    +---------+---------+-----------+-----------+-----+-----+----------+
    |  Latency (cycles) |   Latency (absolute)  |  Interval | Pipeline |
    |   min   |   max   |    min    |    max    | min | max |   Type   |
    +---------+---------+-----------+-----------+-----+-----+----------+
    |        4|        4| 10.000 ns | 10.000 ns |    1|    1| function |
    +---------+---------+-----------+-----------+-----+-----+----------+

    + Detail: 
        * Instance: 
        N/A

        * Loop: 
        N/A



================================================================
== Utilization Estimates
================================================================
* Summary: 
+---------------------+---------+-------+---------+--------+-----+
|         Name        | BRAM_18K| DSP48E|    FF   |   LUT  | URAM|
+---------------------+---------+-------+---------+--------+-----+
|DSP                  |        -|      -|        -|       -|    -|
|Expression           |        -|      -|        0|    3321|    -|
|FIFO                 |        -|      -|        -|       -|    -|
|Instance             |        -|      -|        -|       -|    -|
|Memory               |        -|      -|        -|       -|    -|
|Multiplexer          |        -|      -|        -|       -|    -|
|Register             |        -|      -|      333|       -|    -|
+---------------------+---------+-------+---------+--------+-----+
|Total                |        0|      0|      333|    3321|    0|
+---------------------+---------+-------+---------+--------+-----+
|Available SLR        |     2160|   2760|   663360|  331680|    0|
+---------------------+---------+-------+---------+--------+-----+
|Utilization SLR (%)  |        0|      0|    ~0   |       1|  100|
+---------------------+---------+-------+---------+--------+-----+
|Available            |     4320|   5520|  1326720|  663360|    0|
+---------------------+---------+-------+---------+--------+-----+
|Utilization (%)      |        0|      0|    ~0   |   ~0   |    0|
+---------------------+---------+-------+---------+--------+-----+

+ Detail: 
    * Instance: 
    N/A

    * DSP48E: 
    N/A

    * Memory: 
    N/A

    * FIFO: 
    N/A

    * Expression: 
    +----------------------------+----------+-------+---+----+------------+------------+
    |        Variable Name       | Operation| DSP48E| FF| LUT| Bitwidth P0| Bitwidth P1|
    +----------------------------+----------+-------+---+----+------------+------------+
    |ap_block_pp0_stage0_11001   |    and   |      0|  0|   2|           1|           1|
    |icmp_ln16_10_fu_3533_p2     |   icmp   |      0|  0|  11|           6|           1|
    |icmp_ln16_11_fu_2941_p2     |   icmp   |      0|  0|  11|           6|           1|
    |icmp_ln16_12_fu_3547_p2     |   icmp   |      0|  0|  11|           5|           1|
    |icmp_ln16_13_fu_2955_p2     |   icmp   |      0|  0|  11|           5|           1|
    |icmp_ln16_14_fu_2969_p2     |   icmp   |      0|  0|   9|           4|           1|
    |icmp_ln16_15_fu_2983_p2     |   icmp   |      0|  0|   8|           2|           1|
    |icmp_ln16_16_fu_3561_p2     |   icmp   |      0|  0|  11|           7|           1|
    |icmp_ln16_17_fu_3001_p2     |   icmp   |      0|  0|  11|           7|           1|
    |icmp_ln16_18_fu_3575_p2     |   icmp   |      0|  0|  11|           7|           1|
    |icmp_ln16_19_fu_3015_p2     |   icmp   |      0|  0|  11|           7|           1|
    |icmp_ln16_1_fu_2836_p2      |   icmp   |      0|  0|   8|           2|           1|
    |icmp_ln16_20_fu_3589_p2     |   icmp   |      0|  0|  11|           7|           1|
    |icmp_ln16_21_fu_3029_p2     |   icmp   |      0|  0|  11|           7|           1|
    |icmp_ln16_22_fu_3043_p2     |   icmp   |      0|  0|  11|           7|           1|
    |icmp_ln16_23_fu_3049_p2     |   icmp   |      0|  0|  11|           7|           1|
    |icmp_ln16_24_fu_3609_p2     |   icmp   |      0|  0|  11|           6|           1|
    |icmp_ln16_25_fu_3061_p2     |   icmp   |      0|  0|  11|           6|           1|
    |icmp_ln16_26_fu_3623_p2     |   icmp   |      0|  0|  11|           6|           1|
    |icmp_ln16_27_fu_3075_p2     |   icmp   |      0|  0|  11|           6|           1|
    |icmp_ln16_28_fu_3637_p2     |   icmp   |      0|  0|  11|           5|           1|
    |icmp_ln16_29_fu_3089_p2     |   icmp   |      0|  0|  11|           5|           1|
    |icmp_ln16_2_fu_2849_p2      |   icmp   |      0|  0|   9|           4|           1|
    |icmp_ln16_30_fu_3103_p2     |   icmp   |      0|  0|   9|           4|           1|
    |icmp_ln16_31_fu_3117_p2     |   icmp   |      0|  0|   8|           2|           1|
    |icmp_ln16_32_fu_2230_p2     |   icmp   |      0|  0|  13|          16|           1|
    |icmp_ln16_3_fu_2863_p2      |   icmp   |      0|  0|   8|           2|           1|
    |icmp_ln16_4_fu_3505_p2      |   icmp   |      0|  0|  11|           5|           1|
    |icmp_ln16_5_fu_2881_p2      |   icmp   |      0|  0|  11|           5|           1|
    |icmp_ln16_6_fu_2895_p2      |   icmp   |      0|  0|   9|           4|           1|
    |icmp_ln16_7_fu_2909_p2      |   icmp   |      0|  0|   8|           2|           1|
    |icmp_ln16_8_fu_3519_p2      |   icmp   |      0|  0|  11|           6|           1|
    |icmp_ln16_9_fu_2927_p2      |   icmp   |      0|  0|  11|           6|           1|
    |icmp_ln16_fu_2815_p2        |   icmp   |      0|  0|   8|           2|           1|
    |icmp_ln21_10_fu_3729_p2     |   icmp   |      0|  0|  11|           7|           1|
    |icmp_ln21_11_fu_3191_p2     |   icmp   |      0|  0|  11|           7|           1|
    |icmp_ln21_12_fu_3747_p2     |   icmp   |      0|  0|  11|           6|           1|
    |icmp_ln21_13_fu_3759_p2     |   icmp   |      0|  0|  11|           6|           1|
    |icmp_ln21_14_fu_3771_p2     |   icmp   |      0|  0|  11|           5|           1|
    |icmp_ln21_15_fu_3197_p2     |   icmp   |      0|  0|   9|           3|           1|
    |icmp_ln21_1_fu_3149_p2      |   icmp   |      0|  0|   9|           3|           1|
    |icmp_ln21_2_fu_3651_p2      |   icmp   |      0|  0|  11|           5|           1|
    |icmp_ln21_3_fu_3163_p2      |   icmp   |      0|  0|   9|           3|           1|
    |icmp_ln21_4_fu_3666_p2      |   icmp   |      0|  0|  11|           6|           1|
    |icmp_ln21_5_fu_3678_p2      |   icmp   |      0|  0|  11|           6|           1|
    |icmp_ln21_6_fu_3690_p2      |   icmp   |      0|  0|  11|           5|           1|
    |icmp_ln21_7_fu_3177_p2      |   icmp   |      0|  0|   9|           3|           1|
    |icmp_ln21_8_fu_3705_p2      |   icmp   |      0|  0|  11|           7|           1|
    |icmp_ln21_9_fu_3717_p2      |   icmp   |      0|  0|  11|           7|           1|
    |icmp_ln21_fu_3135_p2        |   icmp   |      0|  0|   9|           3|           1|
    |icmp_ln26_1_fu_3786_p2      |   icmp   |      0|  0|   9|           4|           1|
    |icmp_ln26_2_fu_3858_p2      |   icmp   |      0|  0|  11|           6|           1|
    |icmp_ln26_3_fu_3799_p2      |   icmp   |      0|  0|   9|           4|           1|
    |icmp_ln26_4_fu_3872_p2      |   icmp   |      0|  0|  11|           7|           1|
    |icmp_ln26_5_fu_3812_p2      |   icmp   |      0|  0|  11|           7|           1|
    |icmp_ln26_6_fu_3883_p2      |   icmp   |      0|  0|  11|           6|           1|
    |icmp_ln26_7_fu_3826_p2      |   icmp   |      0|  0|   9|           4|           1|
    |icmp_ln26_fu_3842_p2        |   icmp   |      0|  0|   9|           4|           1|
    |icmp_ln31_1_fu_3909_p2      |   icmp   |      0|  0|  11|           5|           1|
    |icmp_ln31_2_fu_3922_p2      |   icmp   |      0|  0|  11|           7|           1|
    |icmp_ln31_3_fu_3934_p2      |   icmp   |      0|  0|  11|           5|           1|
    |icmp_ln31_fu_3897_p2        |   icmp   |      0|  0|  11|           5|           1|
    |icmp_ln36_1_fu_3947_p2      |   icmp   |      0|  0|  11|           6|           1|
    |icmp_ln36_fu_3959_p2        |   icmp   |      0|  0|  11|           6|           1|
    |icmp_ln38_fu_3981_p2        |   icmp   |      0|  0|  11|           7|           1|
    |icmp_ln879_100_fu_1908_p2   |   icmp   |      0|  0|  13|          16|           1|
    |icmp_ln879_101_fu_1920_p2   |   icmp   |      0|  0|  13|          16|           1|
    |icmp_ln879_102_fu_1932_p2   |   icmp   |      0|  0|  13|          16|           1|
    |icmp_ln879_103_fu_1944_p2   |   icmp   |      0|  0|  13|          16|           1|
    |icmp_ln879_104_fu_1956_p2   |   icmp   |      0|  0|  13|          16|           1|
    |icmp_ln879_105_fu_1968_p2   |   icmp   |      0|  0|  13|          16|           1|
    |icmp_ln879_106_fu_1980_p2   |   icmp   |      0|  0|  13|          16|           1|
    |icmp_ln879_107_fu_1992_p2   |   icmp   |      0|  0|  13|          16|           1|
    |icmp_ln879_108_fu_2004_p2   |   icmp   |      0|  0|  13|          16|           1|
    |icmp_ln879_109_fu_2016_p2   |   icmp   |      0|  0|  13|          16|           1|
    |icmp_ln879_10_fu_1566_p2    |   icmp   |      0|  0|  13|          16|           1|
    |icmp_ln879_110_fu_2044_p2   |   icmp   |      0|  0|  13|          16|           1|
    |icmp_ln879_111_fu_2056_p2   |   icmp   |      0|  0|  13|          16|           1|
    |icmp_ln879_112_fu_2068_p2   |   icmp   |      0|  0|  13|          16|           1|
    |icmp_ln879_113_fu_2080_p2   |   icmp   |      0|  0|  13|          16|           1|
    |icmp_ln879_114_fu_2092_p2   |   icmp   |      0|  0|  13|          16|           1|
    |icmp_ln879_115_fu_2104_p2   |   icmp   |      0|  0|  13|          16|           1|
    |icmp_ln879_116_fu_2116_p2   |   icmp   |      0|  0|  13|          16|           1|
    |icmp_ln879_117_fu_2128_p2   |   icmp   |      0|  0|  13|          16|           1|
    |icmp_ln879_118_fu_2140_p2   |   icmp   |      0|  0|  13|          16|           1|
    |icmp_ln879_119_fu_2152_p2   |   icmp   |      0|  0|  13|          16|           1|
    |icmp_ln879_11_fu_1578_p2    |   icmp   |      0|  0|  13|          16|           1|
    |icmp_ln879_120_fu_2164_p2   |   icmp   |      0|  0|  13|          16|           1|
    |icmp_ln879_121_fu_2176_p2   |   icmp   |      0|  0|  13|          16|           1|
    |icmp_ln879_122_fu_2188_p2   |   icmp   |      0|  0|  13|          16|           1|
    |icmp_ln879_123_fu_2200_p2   |   icmp   |      0|  0|  13|          16|           1|
    |icmp_ln879_124_fu_2212_p2   |   icmp   |      0|  0|  13|          16|           1|
    |icmp_ln879_125_fu_2224_p2   |   icmp   |      0|  0|  13|          16|           1|
    |icmp_ln879_12_fu_1590_p2    |   icmp   |      0|  0|  13|          16|           1|
    |icmp_ln879_13_fu_1602_p2    |   icmp   |      0|  0|  13|          16|           1|
    |icmp_ln879_14_fu_1614_p2    |   icmp   |      0|  0|  13|          16|           1|
    |icmp_ln879_15_fu_1626_p2    |   icmp   |      0|  0|  13|          16|           1|
    |icmp_ln879_16_fu_1638_p2    |   icmp   |      0|  0|  13|          16|           1|
    |icmp_ln879_17_fu_1460_p2    |   icmp   |      0|  0|  13|          16|           1|
    |icmp_ln879_18_fu_1662_p2    |   icmp   |      0|  0|  13|          16|           1|
    |icmp_ln879_19_fu_1674_p2    |   icmp   |      0|  0|  13|          16|           1|
    |icmp_ln879_1_fu_1448_p2     |   icmp   |      0|  0|  13|          16|           1|
    |icmp_ln879_20_fu_1686_p2    |   icmp   |      0|  0|  13|          16|           1|
    |icmp_ln879_21_fu_1698_p2    |   icmp   |      0|  0|  13|          16|           1|
    |icmp_ln879_22_fu_1710_p2    |   icmp   |      0|  0|  13|          16|           1|
    |icmp_ln879_23_fu_1722_p2    |   icmp   |      0|  0|  13|          16|           1|
    |icmp_ln879_24_fu_1734_p2    |   icmp   |      0|  0|  13|          16|           1|
    |icmp_ln879_25_fu_1746_p2    |   icmp   |      0|  0|  13|          16|           1|
    |icmp_ln879_26_fu_1758_p2    |   icmp   |      0|  0|  13|          16|           1|
    |icmp_ln879_27_fu_1770_p2    |   icmp   |      0|  0|  13|          16|           1|
    |icmp_ln879_28_fu_1782_p2    |   icmp   |      0|  0|  13|          16|           1|
    |icmp_ln879_29_fu_1794_p2    |   icmp   |      0|  0|  13|          16|           1|
    |icmp_ln879_2_fu_1454_p2     |   icmp   |      0|  0|  13|          16|           1|
    |icmp_ln879_30_fu_1806_p2    |   icmp   |      0|  0|  13|          16|           1|
    |icmp_ln879_31_fu_1818_p2    |   icmp   |      0|  0|  13|          16|           1|
    |icmp_ln879_32_fu_1830_p2    |   icmp   |      0|  0|  13|          16|           1|
    |icmp_ln879_33_fu_1842_p2    |   icmp   |      0|  0|  13|          16|           1|
    |icmp_ln879_34_fu_1854_p2    |   icmp   |      0|  0|  13|          16|           1|
    |icmp_ln879_35_fu_1866_p2    |   icmp   |      0|  0|  13|          16|           1|
    |icmp_ln879_36_fu_1878_p2    |   icmp   |      0|  0|  13|          16|           1|
    |icmp_ln879_37_fu_1890_p2    |   icmp   |      0|  0|  13|          16|           1|
    |icmp_ln879_38_fu_1902_p2    |   icmp   |      0|  0|  13|          16|           1|
    |icmp_ln879_39_fu_1914_p2    |   icmp   |      0|  0|  13|          16|           1|
    |icmp_ln879_3_fu_1466_p2     |   icmp   |      0|  0|  13|          16|           1|
    |icmp_ln879_40_fu_1926_p2    |   icmp   |      0|  0|  13|          16|           1|
    |icmp_ln879_41_fu_1938_p2    |   icmp   |      0|  0|  13|          16|           1|
    |icmp_ln879_42_fu_1950_p2    |   icmp   |      0|  0|  13|          16|           1|
    |icmp_ln879_43_fu_1962_p2    |   icmp   |      0|  0|  13|          16|           1|
    |icmp_ln879_44_fu_1974_p2    |   icmp   |      0|  0|  13|          16|           1|
    |icmp_ln879_45_fu_1986_p2    |   icmp   |      0|  0|  13|          16|           1|
    |icmp_ln879_46_fu_1998_p2    |   icmp   |      0|  0|  13|          16|           1|
    |icmp_ln879_47_fu_2010_p2    |   icmp   |      0|  0|  13|          16|           1|
    |icmp_ln879_48_fu_2038_p2    |   icmp   |      0|  0|  13|          16|           1|
    |icmp_ln879_49_fu_2050_p2    |   icmp   |      0|  0|  13|          16|           1|
    |icmp_ln879_4_fu_1494_p2     |   icmp   |      0|  0|  13|          16|           1|
    |icmp_ln879_50_fu_2062_p2    |   icmp   |      0|  0|  13|          16|           1|
    |icmp_ln879_51_fu_2074_p2    |   icmp   |      0|  0|  13|          16|           1|
    |icmp_ln879_52_fu_2086_p2    |   icmp   |      0|  0|  13|          16|           1|
    |icmp_ln879_53_fu_2098_p2    |   icmp   |      0|  0|  13|          16|           1|
    |icmp_ln879_54_fu_2110_p2    |   icmp   |      0|  0|  13|          16|           1|
    |icmp_ln879_55_fu_2122_p2    |   icmp   |      0|  0|  13|          16|           1|
    |icmp_ln879_56_fu_2134_p2    |   icmp   |      0|  0|  13|          16|           1|
    |icmp_ln879_57_fu_2146_p2    |   icmp   |      0|  0|  13|          16|           1|
    |icmp_ln879_58_fu_2158_p2    |   icmp   |      0|  0|  13|          16|           1|
    |icmp_ln879_59_fu_2170_p2    |   icmp   |      0|  0|  13|          16|           1|
    |icmp_ln879_5_fu_1506_p2     |   icmp   |      0|  0|  13|          16|           1|
    |icmp_ln879_60_fu_2182_p2    |   icmp   |      0|  0|  13|          16|           1|
    |icmp_ln879_61_fu_2194_p2    |   icmp   |      0|  0|  13|          16|           1|
    |icmp_ln879_62_fu_2206_p2    |   icmp   |      0|  0|  13|          16|           1|
    |icmp_ln879_63_fu_2218_p2    |   icmp   |      0|  0|  13|          16|           1|
    |icmp_ln879_64_fu_1472_p2    |   icmp   |      0|  0|  13|          16|           1|
    |icmp_ln879_65_fu_1500_p2    |   icmp   |      0|  0|  13|          16|           1|
    |icmp_ln879_66_fu_1512_p2    |   icmp   |      0|  0|  13|          16|           1|
    |icmp_ln879_67_fu_1524_p2    |   icmp   |      0|  0|  13|          16|           1|
    |icmp_ln879_68_fu_1536_p2    |   icmp   |      0|  0|  13|          16|           1|
    |icmp_ln879_69_fu_1548_p2    |   icmp   |      0|  0|  13|          16|           1|
    |icmp_ln879_6_fu_1518_p2     |   icmp   |      0|  0|  13|          16|           1|
    |icmp_ln879_70_fu_1560_p2    |   icmp   |      0|  0|  13|          16|           1|
    |icmp_ln879_71_fu_1572_p2    |   icmp   |      0|  0|  13|          16|           1|
    |icmp_ln879_72_fu_1584_p2    |   icmp   |      0|  0|  13|          16|           1|
    |icmp_ln879_73_fu_1596_p2    |   icmp   |      0|  0|  13|          16|           1|
    |icmp_ln879_74_fu_1608_p2    |   icmp   |      0|  0|  13|          16|           1|
    |icmp_ln879_75_fu_1620_p2    |   icmp   |      0|  0|  13|          16|           1|
    |icmp_ln879_76_fu_1632_p2    |   icmp   |      0|  0|  13|          16|           1|
    |icmp_ln879_77_fu_1644_p2    |   icmp   |      0|  0|  13|          16|           1|
    |icmp_ln879_78_fu_1650_p2    |   icmp   |      0|  0|  13|          16|           1|
    |icmp_ln879_79_fu_1656_p2    |   icmp   |      0|  0|  13|          16|           1|
    |icmp_ln879_7_fu_1530_p2     |   icmp   |      0|  0|  13|          16|           1|
    |icmp_ln879_80_fu_1668_p2    |   icmp   |      0|  0|  13|          16|           1|
    |icmp_ln879_81_fu_1680_p2    |   icmp   |      0|  0|  13|          16|           1|
    |icmp_ln879_82_fu_1692_p2    |   icmp   |      0|  0|  13|          16|           1|
    |icmp_ln879_83_fu_1704_p2    |   icmp   |      0|  0|  13|          16|           1|
    |icmp_ln879_84_fu_1716_p2    |   icmp   |      0|  0|  13|          16|           1|
    |icmp_ln879_85_fu_1728_p2    |   icmp   |      0|  0|  13|          16|           1|
    |icmp_ln879_86_fu_1740_p2    |   icmp   |      0|  0|  13|          16|           1|
    |icmp_ln879_87_fu_1752_p2    |   icmp   |      0|  0|  13|          16|           1|
    |icmp_ln879_88_fu_1764_p2    |   icmp   |      0|  0|  13|          16|           1|
    |icmp_ln879_89_fu_1776_p2    |   icmp   |      0|  0|  13|          16|           1|
    |icmp_ln879_8_fu_1542_p2     |   icmp   |      0|  0|  13|          16|           1|
    |icmp_ln879_90_fu_1788_p2    |   icmp   |      0|  0|  13|          16|           1|
    |icmp_ln879_91_fu_1800_p2    |   icmp   |      0|  0|  13|          16|           1|
    |icmp_ln879_92_fu_1812_p2    |   icmp   |      0|  0|  13|          16|           1|
    |icmp_ln879_93_fu_1824_p2    |   icmp   |      0|  0|  13|          16|           1|
    |icmp_ln879_94_fu_1836_p2    |   icmp   |      0|  0|  13|          16|           1|
    |icmp_ln879_95_fu_1848_p2    |   icmp   |      0|  0|  13|          16|           1|
    |icmp_ln879_96_fu_1860_p2    |   icmp   |      0|  0|  13|          16|           1|
    |icmp_ln879_97_fu_1872_p2    |   icmp   |      0|  0|  13|          16|           1|
    |icmp_ln879_98_fu_1884_p2    |   icmp   |      0|  0|  13|          16|           1|
    |icmp_ln879_99_fu_1896_p2    |   icmp   |      0|  0|  13|          16|           1|
    |icmp_ln879_9_fu_1554_p2     |   icmp   |      0|  0|  13|          16|           1|
    |icmp_ln879_fu_1442_p2       |   icmp   |      0|  0|  13|          16|           1|
    |select_ln11_10_fu_2341_p3   |  select  |      0|  0|   5|           1|           1|
    |select_ln11_11_fu_2355_p3   |  select  |      0|  0|   5|           1|           1|
    |select_ln11_12_fu_2369_p3   |  select  |      0|  0|   4|           1|           1|
    |select_ln11_13_fu_2383_p3   |  select  |      0|  0|   4|           1|           1|
    |select_ln11_14_fu_2397_p3   |  select  |      0|  0|   3|           1|           1|
    |select_ln11_15_fu_3239_p3   |  select  |      0|  0|   7|           1|           1|
    |select_ln11_16_fu_3253_p3   |  select  |      0|  0|   6|           1|           1|
    |select_ln11_17_fu_2415_p3   |  select  |      0|  0|   6|           1|           1|
    |select_ln11_18_fu_2429_p3   |  select  |      0|  0|   6|           1|           1|
    |select_ln11_19_fu_3267_p3   |  select  |      0|  0|   6|           1|           1|
    |select_ln11_1_fu_2250_p3    |  select  |      0|  0|   4|           1|           1|
    |select_ln11_20_fu_3281_p3   |  select  |      0|  0|   6|           1|           1|
    |select_ln11_21_fu_2443_p3   |  select  |      0|  0|   6|           1|           1|
    |select_ln11_22_fu_2457_p3   |  select  |      0|  0|   6|           1|           1|
    |select_ln11_23_fu_3295_p3   |  select  |      0|  0|   6|           1|           1|
    |select_ln11_24_fu_3309_p3   |  select  |      0|  0|   5|           1|           1|
    |select_ln11_25_fu_2471_p3   |  select  |      0|  0|   5|           1|           1|
    |select_ln11_26_fu_2485_p3   |  select  |      0|  0|   5|           1|           1|
    |select_ln11_27_fu_2499_p3   |  select  |      0|  0|   5|           1|           1|
    |select_ln11_28_fu_2513_p3   |  select  |      0|  0|   4|           1|           1|
    |select_ln11_29_fu_2527_p3   |  select  |      0|  0|   4|           1|           1|
    |select_ln11_2_fu_1478_p3    |  select  |      0|  0|   3|           1|           1|
    |select_ln11_30_fu_2541_p3   |  select  |      0|  0|   3|           1|           1|
    |select_ln11_31_fu_3323_p3   |  select  |      0|  0|   8|           1|           1|
    |select_ln11_32_fu_3337_p3   |  select  |      0|  0|   7|           1|           1|
    |select_ln11_33_fu_2559_p3   |  select  |      0|  0|   7|           1|           1|
    |select_ln11_34_fu_2573_p3   |  select  |      0|  0|   7|           1|           1|
    |select_ln11_35_fu_3351_p3   |  select  |      0|  0|   7|           1|           1|
    |select_ln11_36_fu_3365_p3   |  select  |      0|  0|   7|           1|           1|
    |select_ln11_37_fu_2587_p3   |  select  |      0|  0|   7|           1|           1|
    |select_ln11_38_fu_2601_p3   |  select  |      0|  0|   7|           1|           1|
    |select_ln11_39_fu_3379_p3   |  select  |      0|  0|   7|           1|           1|
    |select_ln11_3_fu_2267_p3    |  select  |      0|  0|   5|           1|           1|
    |select_ln11_40_fu_3393_p3   |  select  |      0|  0|   7|           1|           1|
    |select_ln11_41_fu_2615_p3   |  select  |      0|  0|   7|           1|           1|
    |select_ln11_42_fu_2629_p3   |  select  |      0|  0|   7|           1|           1|
    |select_ln11_43_fu_3407_p3   |  select  |      0|  0|   7|           1|           1|
    |select_ln11_44_fu_2643_p3   |  select  |      0|  0|   7|           1|           1|
    |select_ln11_45_fu_2657_p3   |  select  |      0|  0|   7|           1|           1|
    |select_ln11_46_fu_2022_p3   |  select  |      0|  0|   7|           1|           1|
    |select_ln11_47_fu_3421_p3   |  select  |      0|  0|   7|           1|           1|
    |select_ln11_48_fu_3435_p3   |  select  |      0|  0|   6|           1|           1|
    |select_ln11_49_fu_2671_p3   |  select  |      0|  0|   6|           1|           1|
    |select_ln11_4_fu_2281_p3    |  select  |      0|  0|   4|           1|           1|
    |select_ln11_50_fu_2685_p3   |  select  |      0|  0|   6|           1|           1|
    |select_ln11_51_fu_3449_p3   |  select  |      0|  0|   6|           1|           1|
    |select_ln11_52_fu_3463_p3   |  select  |      0|  0|   6|           1|           1|
    |select_ln11_53_fu_2699_p3   |  select  |      0|  0|   6|           1|           1|
    |select_ln11_54_fu_2713_p3   |  select  |      0|  0|   6|           1|           1|
    |select_ln11_55_fu_3477_p3   |  select  |      0|  0|   6|           1|           1|
    |select_ln11_56_fu_3491_p3   |  select  |      0|  0|   5|           1|           1|
    |select_ln11_57_fu_2727_p3   |  select  |      0|  0|   5|           1|           1|
    |select_ln11_58_fu_2741_p3   |  select  |      0|  0|   5|           1|           1|
    |select_ln11_59_fu_2755_p3   |  select  |      0|  0|   5|           1|           1|
    |select_ln11_5_fu_2295_p3    |  select  |      0|  0|   4|           1|           1|
    |select_ln11_60_fu_2769_p3   |  select  |      0|  0|   4|           1|           1|
    |select_ln11_61_fu_2783_p3   |  select  |      0|  0|   4|           1|           1|
    |select_ln11_62_fu_2797_p3   |  select  |      0|  0|   3|           1|           1|
    |select_ln11_6_fu_2309_p3    |  select  |      0|  0|   3|           1|           1|
    |select_ln11_7_fu_3211_p3    |  select  |      0|  0|   6|           1|           1|
    |select_ln11_8_fu_3225_p3    |  select  |      0|  0|   5|           1|           1|
    |select_ln11_9_fu_2327_p3    |  select  |      0|  0|   5|           1|           1|
    |select_ln11_fu_2236_p3      |  select  |      0|  0|   3|           1|           1|
    |select_ln16_10_fu_3539_p3   |  select  |      0|  0|   6|           1|           6|
    |select_ln16_11_fu_2947_p3   |  select  |      0|  0|   6|           1|           6|
    |select_ln16_12_fu_3553_p3   |  select  |      0|  0|   5|           1|           5|
    |select_ln16_13_fu_2961_p3   |  select  |      0|  0|   5|           1|           5|
    |select_ln16_14_fu_2975_p3   |  select  |      0|  0|   4|           1|           4|
    |select_ln16_15_fu_2989_p3   |  select  |      0|  0|   3|           1|           3|
    |select_ln16_16_fu_3567_p3   |  select  |      0|  0|   7|           1|           7|
    |select_ln16_17_fu_3007_p3   |  select  |      0|  0|   7|           1|           7|
    |select_ln16_18_fu_3581_p3   |  select  |      0|  0|   7|           1|           7|
    |select_ln16_19_fu_3021_p3   |  select  |      0|  0|   7|           1|           7|
    |select_ln16_1_fu_2841_p3    |  select  |      0|  0|   3|           1|           3|
    |select_ln16_20_fu_3595_p3   |  select  |      0|  0|   7|           1|           7|
    |select_ln16_21_fu_3035_p3   |  select  |      0|  0|   7|           1|           7|
    |select_ln16_22_fu_3603_p3   |  select  |      0|  0|   7|           1|           7|
    |select_ln16_23_fu_3054_p3   |  select  |      0|  0|   7|           1|           7|
    |select_ln16_24_fu_3615_p3   |  select  |      0|  0|   6|           1|           6|
    |select_ln16_25_fu_3067_p3   |  select  |      0|  0|   6|           1|           6|
    |select_ln16_26_fu_3629_p3   |  select  |      0|  0|   6|           1|           6|
    |select_ln16_27_fu_3081_p3   |  select  |      0|  0|   6|           1|           6|
    |select_ln16_28_fu_3643_p3   |  select  |      0|  0|   5|           1|           5|
    |select_ln16_29_fu_3095_p3   |  select  |      0|  0|   5|           1|           5|
    |select_ln16_2_fu_2855_p3    |  select  |      0|  0|   4|           1|           4|
    |select_ln16_30_fu_3109_p3   |  select  |      0|  0|   4|           1|           4|
    |select_ln16_31_fu_3123_p3   |  select  |      0|  0|   3|           1|           3|
    |select_ln16_3_fu_2869_p3    |  select  |      0|  0|   3|           1|           3|
    |select_ln16_4_fu_3511_p3    |  select  |      0|  0|   5|           1|           5|
    |select_ln16_5_fu_2887_p3    |  select  |      0|  0|   5|           1|           5|
    |select_ln16_6_fu_2901_p3    |  select  |      0|  0|   4|           1|           4|
    |select_ln16_7_fu_2915_p3    |  select  |      0|  0|   3|           1|           3|
    |select_ln16_8_fu_3525_p3    |  select  |      0|  0|   6|           1|           6|
    |select_ln16_9_fu_2933_p3    |  select  |      0|  0|   6|           1|           6|
    |select_ln16_fu_2824_p3      |  select  |      0|  0|   2|           1|           2|
    |select_ln21_10_fu_3734_p3   |  select  |      0|  0|   7|           1|           7|
    |select_ln21_11_fu_3741_p3   |  select  |      0|  0|   7|           1|           7|
    |select_ln21_12_fu_3752_p3   |  select  |      0|  0|   6|           1|           6|
    |select_ln21_13_fu_3764_p3   |  select  |      0|  0|   6|           1|           6|
    |select_ln21_14_fu_3776_p3   |  select  |      0|  0|   5|           1|           5|
    |select_ln21_15_fu_3203_p3   |  select  |      0|  0|   4|           1|           4|
    |select_ln21_1_fu_3155_p3    |  select  |      0|  0|   4|           1|           4|
    |select_ln21_2_fu_3656_p3    |  select  |      0|  0|   5|           1|           5|
    |select_ln21_3_fu_3169_p3    |  select  |      0|  0|   4|           1|           4|
    |select_ln21_4_fu_3671_p3    |  select  |      0|  0|   6|           1|           6|
    |select_ln21_5_fu_3683_p3    |  select  |      0|  0|   6|           1|           6|
    |select_ln21_6_fu_3695_p3    |  select  |      0|  0|   5|           1|           5|
    |select_ln21_7_fu_3183_p3    |  select  |      0|  0|   4|           1|           4|
    |select_ln21_8_fu_3710_p3    |  select  |      0|  0|   7|           1|           7|
    |select_ln21_9_fu_3722_p3    |  select  |      0|  0|   7|           1|           7|
    |select_ln21_fu_3141_p3      |  select  |      0|  0|   3|           1|           3|
    |select_ln26_1_fu_3791_p3    |  select  |      0|  0|   5|           1|           5|
    |select_ln26_2_fu_3863_p3    |  select  |      0|  0|   6|           1|           6|
    |select_ln26_3_fu_3804_p3    |  select  |      0|  0|   5|           1|           5|
    |select_ln26_4_fu_3877_p3    |  select  |      0|  0|   7|           1|           7|
    |select_ln26_5_fu_3818_p3    |  select  |      0|  0|   7|           1|           7|
    |select_ln26_6_fu_3888_p3    |  select  |      0|  0|   6|           1|           6|
    |select_ln26_7_fu_3831_p3    |  select  |      0|  0|   5|           1|           5|
    |select_ln26_fu_3847_p3      |  select  |      0|  0|   4|           1|           4|
    |select_ln31_1_fu_3914_p3    |  select  |      0|  0|   6|           1|           6|
    |select_ln31_2_fu_3927_p3    |  select  |      0|  0|   7|           1|           7|
    |select_ln31_3_fu_3939_p3    |  select  |      0|  0|   6|           1|           6|
    |select_ln31_fu_3902_p3      |  select  |      0|  0|   5|           1|           5|
    |select_ln36_1_fu_3975_p3    |  select  |      0|  0|   7|           1|           7|
    |select_ln36_fu_3964_p3      |  select  |      0|  0|   6|           1|           6|
    |select_ln38_fu_3987_p3      |  select  |      0|  0|   7|           1|           7|
    |select_ln879_10_fu_2348_p3  |  select  |      0|  0|   5|           1|           5|
    |select_ln879_11_fu_2362_p3  |  select  |      0|  0|   4|           1|           4|
    |select_ln879_12_fu_2376_p3  |  select  |      0|  0|   4|           1|           4|
    |select_ln879_13_fu_2390_p3  |  select  |      0|  0|   3|           1|           3|
    |select_ln879_14_fu_2404_p3  |  select  |      0|  0|   2|           1|           2|
    |select_ln879_15_fu_3246_p3  |  select  |      0|  0|   6|           1|           6|
    |select_ln879_16_fu_3260_p3  |  select  |      0|  0|   6|           1|           6|
    |select_ln879_17_fu_2422_p3  |  select  |      0|  0|   6|           1|           6|
    |select_ln879_18_fu_2436_p3  |  select  |      0|  0|   6|           1|           6|
    |select_ln879_19_fu_3274_p3  |  select  |      0|  0|   6|           1|           6|
    |select_ln879_1_fu_2257_p3   |  select  |      0|  0|   3|           1|           3|
    |select_ln879_20_fu_3288_p3  |  select  |      0|  0|   6|           1|           6|
    |select_ln879_21_fu_2450_p3  |  select  |      0|  0|   6|           1|           6|
    |select_ln879_22_fu_2464_p3  |  select  |      0|  0|   6|           1|           6|
    |select_ln879_23_fu_3302_p3  |  select  |      0|  0|   5|           1|           5|
    |select_ln879_24_fu_3316_p3  |  select  |      0|  0|   5|           1|           5|
    |select_ln879_25_fu_2478_p3  |  select  |      0|  0|   5|           1|           5|
    |select_ln879_26_fu_2492_p3  |  select  |      0|  0|   5|           1|           5|
    |select_ln879_27_fu_2506_p3  |  select  |      0|  0|   4|           1|           4|
    |select_ln879_28_fu_2520_p3  |  select  |      0|  0|   4|           1|           4|
    |select_ln879_29_fu_2534_p3  |  select  |      0|  0|   3|           1|           3|
    |select_ln879_2_fu_1486_p3   |  select  |      0|  0|   2|           1|           2|
    |select_ln879_30_fu_2548_p3  |  select  |      0|  0|   2|           1|           2|
    |select_ln879_31_fu_3330_p3  |  select  |      0|  0|   7|           1|           7|
    |select_ln879_32_fu_3344_p3  |  select  |      0|  0|   7|           1|           7|
    |select_ln879_33_fu_2566_p3  |  select  |      0|  0|   7|           1|           7|
    |select_ln879_34_fu_2580_p3  |  select  |      0|  0|   7|           1|           7|
    |select_ln879_35_fu_3358_p3  |  select  |      0|  0|   7|           1|           7|
    |select_ln879_36_fu_3372_p3  |  select  |      0|  0|   7|           1|           7|
    |select_ln879_37_fu_2594_p3  |  select  |      0|  0|   7|           1|           7|
    |select_ln879_38_fu_2608_p3  |  select  |      0|  0|   7|           1|           7|
    |select_ln879_39_fu_3386_p3  |  select  |      0|  0|   7|           1|           7|
    |select_ln879_3_fu_2274_p3   |  select  |      0|  0|   4|           1|           4|
    |select_ln879_40_fu_3400_p3  |  select  |      0|  0|   7|           1|           7|
    |select_ln879_41_fu_2622_p3  |  select  |      0|  0|   7|           1|           7|
    |select_ln879_42_fu_2636_p3  |  select  |      0|  0|   7|           1|           7|
    |select_ln879_43_fu_3414_p3  |  select  |      0|  0|   7|           1|           7|
    |select_ln879_44_fu_2650_p3  |  select  |      0|  0|   7|           1|           7|
    |select_ln879_45_fu_2664_p3  |  select  |      0|  0|   7|           1|           7|
    |select_ln879_46_fu_2030_p3  |  select  |      0|  0|   7|           1|           7|
    |select_ln879_47_fu_3428_p3  |  select  |      0|  0|   6|           1|           6|
    |select_ln879_48_fu_3442_p3  |  select  |      0|  0|   6|           1|           6|
    |select_ln879_49_fu_2678_p3  |  select  |      0|  0|   6|           1|           6|
    |select_ln879_4_fu_2288_p3   |  select  |      0|  0|   4|           1|           4|
    |select_ln879_50_fu_2692_p3  |  select  |      0|  0|   6|           1|           6|
    |select_ln879_51_fu_3456_p3  |  select  |      0|  0|   6|           1|           6|
    |select_ln879_52_fu_3470_p3  |  select  |      0|  0|   6|           1|           6|
    |select_ln879_53_fu_2706_p3  |  select  |      0|  0|   6|           1|           6|
    |select_ln879_54_fu_2720_p3  |  select  |      0|  0|   6|           1|           6|
    |select_ln879_55_fu_3484_p3  |  select  |      0|  0|   5|           1|           5|
    |select_ln879_56_fu_3498_p3  |  select  |      0|  0|   5|           1|           5|
    |select_ln879_57_fu_2734_p3  |  select  |      0|  0|   5|           1|           5|
    |select_ln879_58_fu_2748_p3  |  select  |      0|  0|   5|           1|           5|
    |select_ln879_59_fu_2762_p3  |  select  |      0|  0|   4|           1|           4|
    |select_ln879_5_fu_2302_p3   |  select  |      0|  0|   3|           1|           3|
    |select_ln879_60_fu_2776_p3  |  select  |      0|  0|   4|           1|           4|
    |select_ln879_61_fu_2790_p3  |  select  |      0|  0|   3|           1|           3|
    |select_ln879_62_fu_2804_p3  |  select  |      0|  0|   2|           1|           2|
    |select_ln879_6_fu_2316_p3   |  select  |      0|  0|   2|           1|           2|
    |select_ln879_7_fu_3218_p3   |  select  |      0|  0|   5|           1|           5|
    |select_ln879_8_fu_3232_p3   |  select  |      0|  0|   5|           1|           5|
    |select_ln879_9_fu_2334_p3   |  select  |      0|  0|   5|           1|           5|
    |select_ln879_fu_2243_p3     |  select  |      0|  0|   2|           1|           2|
    |ap_enable_pp0               |    xor   |      0|  0|   2|           1|           2|
    +----------------------------+----------+-------+---+----+------------+------------+
    |Total                       |          |      0|  0|3321|        2550|         925|
    +----------------------------+----------+-------+---+----+------------+------------+

    * Multiplexer: 
    N/A

    * Register: 
    +---------------------------------------+---+----+-----+-----------+
    |                  Name                 | FF| LUT| Bits| Const Bits|
    +---------------------------------------+---+----+-----+-----------+
    |ap_CS_fsm                              |  1|   0|    1|          0|
    |ap_enable_reg_pp0_iter1                |  1|   0|    1|          0|
    |ap_enable_reg_pp0_iter2                |  1|   0|    1|          0|
    |ap_enable_reg_pp0_iter3                |  1|   0|    1|          0|
    |ap_enable_reg_pp0_iter4                |  1|   0|    1|          0|
    |icmp_ln16_22_reg_4673                  |  1|   0|    1|          0|
    |icmp_ln16_32_reg_4621                  |  1|   0|    1|          0|
    |icmp_ln21_11_reg_4724                  |  1|   0|    1|          0|
    |icmp_ln36_1_reg_4813                   |  1|   0|    1|          0|
    |icmp_ln879_100_reg_4370                |  1|   0|    1|          0|
    |icmp_ln879_101_reg_4380                |  1|   0|    1|          0|
    |icmp_ln879_102_reg_4390                |  1|   0|    1|          0|
    |icmp_ln879_102_reg_4390_pp0_iter1_reg  |  1|   0|    1|          0|
    |icmp_ln879_103_reg_4400                |  1|   0|    1|          0|
    |icmp_ln879_103_reg_4400_pp0_iter1_reg  |  1|   0|    1|          0|
    |icmp_ln879_104_reg_4410                |  1|   0|    1|          0|
    |icmp_ln879_105_reg_4420                |  1|   0|    1|          0|
    |icmp_ln879_106_reg_4430                |  1|   0|    1|          0|
    |icmp_ln879_106_reg_4430_pp0_iter1_reg  |  1|   0|    1|          0|
    |icmp_ln879_107_reg_4440                |  1|   0|    1|          0|
    |icmp_ln879_108_reg_4450                |  1|   0|    1|          0|
    |icmp_ln879_10_reg_4085                 |  1|   0|    1|          0|
    |icmp_ln879_110_reg_4466                |  1|   0|    1|          0|
    |icmp_ln879_110_reg_4466_pp0_iter1_reg  |  1|   0|    1|          0|
    |icmp_ln879_111_reg_4476                |  1|   0|    1|          0|
    |icmp_ln879_111_reg_4476_pp0_iter1_reg  |  1|   0|    1|          0|
    |icmp_ln879_112_reg_4486                |  1|   0|    1|          0|
    |icmp_ln879_113_reg_4496                |  1|   0|    1|          0|
    |icmp_ln879_114_reg_4506                |  1|   0|    1|          0|
    |icmp_ln879_114_reg_4506_pp0_iter1_reg  |  1|   0|    1|          0|
    |icmp_ln879_115_reg_4516                |  1|   0|    1|          0|
    |icmp_ln879_115_reg_4516_pp0_iter1_reg  |  1|   0|    1|          0|
    |icmp_ln879_116_reg_4526                |  1|   0|    1|          0|
    |icmp_ln879_117_reg_4536                |  1|   0|    1|          0|
    |icmp_ln879_118_reg_4546                |  1|   0|    1|          0|
    |icmp_ln879_118_reg_4546_pp0_iter1_reg  |  1|   0|    1|          0|
    |icmp_ln879_119_reg_4556                |  1|   0|    1|          0|
    |icmp_ln879_119_reg_4556_pp0_iter1_reg  |  1|   0|    1|          0|
    |icmp_ln879_11_reg_4095                 |  1|   0|    1|          0|
    |icmp_ln879_120_reg_4566                |  1|   0|    1|          0|
    |icmp_ln879_121_reg_4576                |  1|   0|    1|          0|
    |icmp_ln879_122_reg_4586                |  1|   0|    1|          0|
    |icmp_ln879_123_reg_4596                |  1|   0|    1|          0|
    |icmp_ln879_124_reg_4606                |  1|   0|    1|          0|
    |icmp_ln879_125_reg_4616                |  1|   0|    1|          0|
    |icmp_ln879_12_reg_4105                 |  1|   0|    1|          0|
    |icmp_ln879_13_reg_4115                 |  1|   0|    1|          0|
    |icmp_ln879_14_reg_4125                 |  1|   0|    1|          0|
    |icmp_ln879_15_reg_4135                 |  1|   0|    1|          0|
    |icmp_ln879_16_reg_4145                 |  1|   0|    1|          0|
    |icmp_ln879_16_reg_4145_pp0_iter1_reg   |  1|   0|    1|          0|
    |icmp_ln879_17_reg_4014                 |  1|   0|    1|          0|
    |icmp_ln879_18_reg_4165                 |  1|   0|    1|          0|
    |icmp_ln879_19_reg_4175                 |  1|   0|    1|          0|
    |icmp_ln879_1_reg_4004                  |  1|   0|    1|          0|
    |icmp_ln879_20_reg_4185                 |  1|   0|    1|          0|
    |icmp_ln879_20_reg_4185_pp0_iter1_reg   |  1|   0|    1|          0|
    |icmp_ln879_21_reg_4195                 |  1|   0|    1|          0|
    |icmp_ln879_21_reg_4195_pp0_iter1_reg   |  1|   0|    1|          0|
    |icmp_ln879_22_reg_4205                 |  1|   0|    1|          0|
    |icmp_ln879_23_reg_4215                 |  1|   0|    1|          0|
    |icmp_ln879_24_reg_4225                 |  1|   0|    1|          0|
    |icmp_ln879_24_reg_4225_pp0_iter1_reg   |  1|   0|    1|          0|
    |icmp_ln879_25_reg_4235                 |  1|   0|    1|          0|
    |icmp_ln879_25_reg_4235_pp0_iter1_reg   |  1|   0|    1|          0|
    |icmp_ln879_26_reg_4245                 |  1|   0|    1|          0|
    |icmp_ln879_27_reg_4255                 |  1|   0|    1|          0|
    |icmp_ln879_28_reg_4265                 |  1|   0|    1|          0|
    |icmp_ln879_29_reg_4275                 |  1|   0|    1|          0|
    |icmp_ln879_2_reg_4009                  |  1|   0|    1|          0|
    |icmp_ln879_30_reg_4285                 |  1|   0|    1|          0|
    |icmp_ln879_31_reg_4295                 |  1|   0|    1|          0|
    |icmp_ln879_32_reg_4305                 |  1|   0|    1|          0|
    |icmp_ln879_32_reg_4305_pp0_iter1_reg   |  1|   0|    1|          0|
    |icmp_ln879_33_reg_4315                 |  1|   0|    1|          0|
    |icmp_ln879_33_reg_4315_pp0_iter1_reg   |  1|   0|    1|          0|
    |icmp_ln879_34_reg_4325                 |  1|   0|    1|          0|
    |icmp_ln879_35_reg_4335                 |  1|   0|    1|          0|
    |icmp_ln879_36_reg_4345                 |  1|   0|    1|          0|
    |icmp_ln879_36_reg_4345_pp0_iter1_reg   |  1|   0|    1|          0|
    |icmp_ln879_37_reg_4355                 |  1|   0|    1|          0|
    |icmp_ln879_37_reg_4355_pp0_iter1_reg   |  1|   0|    1|          0|
    |icmp_ln879_38_reg_4365                 |  1|   0|    1|          0|
    |icmp_ln879_39_reg_4375                 |  1|   0|    1|          0|
    |icmp_ln879_40_reg_4385                 |  1|   0|    1|          0|
    |icmp_ln879_40_reg_4385_pp0_iter1_reg   |  1|   0|    1|          0|
    |icmp_ln879_41_reg_4395                 |  1|   0|    1|          0|
    |icmp_ln879_41_reg_4395_pp0_iter1_reg   |  1|   0|    1|          0|
    |icmp_ln879_42_reg_4405                 |  1|   0|    1|          0|
    |icmp_ln879_43_reg_4415                 |  1|   0|    1|          0|
    |icmp_ln879_44_reg_4425                 |  1|   0|    1|          0|
    |icmp_ln879_44_reg_4425_pp0_iter1_reg   |  1|   0|    1|          0|
    |icmp_ln879_45_reg_4435                 |  1|   0|    1|          0|
    |icmp_ln879_46_reg_4445                 |  1|   0|    1|          0|
    |icmp_ln879_48_reg_4461                 |  1|   0|    1|          0|
    |icmp_ln879_48_reg_4461_pp0_iter1_reg   |  1|   0|    1|          0|
    |icmp_ln879_49_reg_4471                 |  1|   0|    1|          0|
    |icmp_ln879_49_reg_4471_pp0_iter1_reg   |  1|   0|    1|          0|
    |icmp_ln879_4_reg_4025                  |  1|   0|    1|          0|
    |icmp_ln879_50_reg_4481                 |  1|   0|    1|          0|
    |icmp_ln879_51_reg_4491                 |  1|   0|    1|          0|
    |icmp_ln879_52_reg_4501                 |  1|   0|    1|          0|
    |icmp_ln879_52_reg_4501_pp0_iter1_reg   |  1|   0|    1|          0|
    |icmp_ln879_53_reg_4511                 |  1|   0|    1|          0|
    |icmp_ln879_53_reg_4511_pp0_iter1_reg   |  1|   0|    1|          0|
    |icmp_ln879_54_reg_4521                 |  1|   0|    1|          0|
    |icmp_ln879_55_reg_4531                 |  1|   0|    1|          0|
    |icmp_ln879_56_reg_4541                 |  1|   0|    1|          0|
    |icmp_ln879_56_reg_4541_pp0_iter1_reg   |  1|   0|    1|          0|
    |icmp_ln879_57_reg_4551                 |  1|   0|    1|          0|
    |icmp_ln879_57_reg_4551_pp0_iter1_reg   |  1|   0|    1|          0|
    |icmp_ln879_58_reg_4561                 |  1|   0|    1|          0|
    |icmp_ln879_59_reg_4571                 |  1|   0|    1|          0|
    |icmp_ln879_5_reg_4035                  |  1|   0|    1|          0|
    |icmp_ln879_60_reg_4581                 |  1|   0|    1|          0|
    |icmp_ln879_61_reg_4591                 |  1|   0|    1|          0|
    |icmp_ln879_62_reg_4601                 |  1|   0|    1|          0|
    |icmp_ln879_63_reg_4611                 |  1|   0|    1|          0|
    |icmp_ln879_65_reg_4030                 |  1|   0|    1|          0|
    |icmp_ln879_66_reg_4040                 |  1|   0|    1|          0|
    |icmp_ln879_67_reg_4050                 |  1|   0|    1|          0|
    |icmp_ln879_68_reg_4060                 |  1|   0|    1|          0|
    |icmp_ln879_69_reg_4070                 |  1|   0|    1|          0|
    |icmp_ln879_69_reg_4070_pp0_iter1_reg   |  1|   0|    1|          0|
    |icmp_ln879_6_reg_4045                  |  1|   0|    1|          0|
    |icmp_ln879_70_reg_4080                 |  1|   0|    1|          0|
    |icmp_ln879_70_reg_4080_pp0_iter1_reg   |  1|   0|    1|          0|
    |icmp_ln879_71_reg_4090                 |  1|   0|    1|          0|
    |icmp_ln879_72_reg_4100                 |  1|   0|    1|          0|
    |icmp_ln879_73_reg_4110                 |  1|   0|    1|          0|
    |icmp_ln879_74_reg_4120                 |  1|   0|    1|          0|
    |icmp_ln879_75_reg_4130                 |  1|   0|    1|          0|
    |icmp_ln879_76_reg_4140                 |  1|   0|    1|          0|
    |icmp_ln879_77_reg_4150                 |  1|   0|    1|          0|
    |icmp_ln879_77_reg_4150_pp0_iter1_reg   |  1|   0|    1|          0|
    |icmp_ln879_78_reg_4155                 |  1|   0|    1|          0|
    |icmp_ln879_78_reg_4155_pp0_iter1_reg   |  1|   0|    1|          0|
    |icmp_ln879_79_reg_4160                 |  1|   0|    1|          0|
    |icmp_ln879_79_reg_4160_pp0_iter1_reg   |  1|   0|    1|          0|
    |icmp_ln879_7_reg_4055                  |  1|   0|    1|          0|
    |icmp_ln879_80_reg_4170                 |  1|   0|    1|          0|
    |icmp_ln879_81_reg_4180                 |  1|   0|    1|          0|
    |icmp_ln879_82_reg_4190                 |  1|   0|    1|          0|
    |icmp_ln879_82_reg_4190_pp0_iter1_reg   |  1|   0|    1|          0|
    |icmp_ln879_83_reg_4200                 |  1|   0|    1|          0|
    |icmp_ln879_83_reg_4200_pp0_iter1_reg   |  1|   0|    1|          0|
    |icmp_ln879_84_reg_4210                 |  1|   0|    1|          0|
    |icmp_ln879_85_reg_4220                 |  1|   0|    1|          0|
    |icmp_ln879_86_reg_4230                 |  1|   0|    1|          0|
    |icmp_ln879_86_reg_4230_pp0_iter1_reg   |  1|   0|    1|          0|
    |icmp_ln879_87_reg_4240                 |  1|   0|    1|          0|
    |icmp_ln879_87_reg_4240_pp0_iter1_reg   |  1|   0|    1|          0|
    |icmp_ln879_88_reg_4250                 |  1|   0|    1|          0|
    |icmp_ln879_89_reg_4260                 |  1|   0|    1|          0|
    |icmp_ln879_8_reg_4065                  |  1|   0|    1|          0|
    |icmp_ln879_8_reg_4065_pp0_iter1_reg    |  1|   0|    1|          0|
    |icmp_ln879_90_reg_4270                 |  1|   0|    1|          0|
    |icmp_ln879_91_reg_4280                 |  1|   0|    1|          0|
    |icmp_ln879_92_reg_4290                 |  1|   0|    1|          0|
    |icmp_ln879_93_reg_4300                 |  1|   0|    1|          0|
    |icmp_ln879_94_reg_4310                 |  1|   0|    1|          0|
    |icmp_ln879_94_reg_4310_pp0_iter1_reg   |  1|   0|    1|          0|
    |icmp_ln879_95_reg_4320                 |  1|   0|    1|          0|
    |icmp_ln879_95_reg_4320_pp0_iter1_reg   |  1|   0|    1|          0|
    |icmp_ln879_96_reg_4330                 |  1|   0|    1|          0|
    |icmp_ln879_97_reg_4340                 |  1|   0|    1|          0|
    |icmp_ln879_98_reg_4350                 |  1|   0|    1|          0|
    |icmp_ln879_98_reg_4350_pp0_iter1_reg   |  1|   0|    1|          0|
    |icmp_ln879_99_reg_4360                 |  1|   0|    1|          0|
    |icmp_ln879_99_reg_4360_pp0_iter1_reg   |  1|   0|    1|          0|
    |icmp_ln879_9_reg_4075                  |  1|   0|    1|          0|
    |icmp_ln879_9_reg_4075_pp0_iter1_reg    |  1|   0|    1|          0|
    |icmp_ln879_reg_3999                    |  1|   0|    1|          0|
    |select_ln16_11_reg_4643                |  5|   0|    6|          1|
    |select_ln16_13_reg_4649                |  4|   0|    5|          1|
    |select_ln16_17_reg_4655                |  4|   0|    7|          3|
    |select_ln16_19_reg_4661                |  5|   0|    7|          2|
    |select_ln16_21_reg_4667                |  5|   0|    7|          2|
    |select_ln16_23_reg_4678                |  6|   0|    7|          1|
    |select_ln16_25_reg_4683                |  4|   0|    6|          2|
    |select_ln16_27_reg_4689                |  5|   0|    6|          1|
    |select_ln16_29_reg_4695                |  4|   0|    5|          1|
    |select_ln16_5_reg_4631                 |  4|   0|    5|          1|
    |select_ln16_9_reg_4637                 |  4|   0|    6|          2|
    |select_ln21_12_reg_4757                |  4|   0|    6|          2|
    |select_ln21_13_reg_4762                |  5|   0|    6|          1|
    |select_ln21_15_reg_4729                |  4|   0|    4|          0|
    |select_ln21_1_reg_4706                 |  4|   0|    4|          0|
    |select_ln21_1_reg_4706_pp0_iter2_reg   |  4|   0|    4|          0|
    |select_ln21_3_reg_4712                 |  4|   0|    4|          0|
    |select_ln21_4_reg_4735                 |  4|   0|    6|          2|
    |select_ln21_5_reg_4740                 |  5|   0|    6|          1|
    |select_ln21_7_reg_4718                 |  4|   0|    4|          0|
    |select_ln21_8_reg_4746                 |  4|   0|    7|          3|
    |select_ln21_9_reg_4751                 |  5|   0|    7|          2|
    |select_ln21_reg_4701                   |  3|   0|    3|          0|
    |select_ln21_reg_4701_pp0_iter2_reg     |  3|   0|    3|          0|
    |select_ln26_1_reg_4768                 |  5|   0|    5|          0|
    |select_ln26_3_reg_4774                 |  5|   0|    5|          0|
    |select_ln26_5_reg_4780                 |  6|   0|    7|          1|
    |select_ln26_7_reg_4786                 |  5|   0|    5|          0|
    |select_ln31_1_reg_4797                 |  6|   0|    6|          0|
    |select_ln31_2_reg_4803                 |  6|   0|    7|          1|
    |select_ln31_3_reg_4808                 |  6|   0|    6|          0|
    |select_ln31_reg_4792                   |  5|   0|    5|          0|
    |select_ln879_2_reg_4019                |  2|   0|    2|          0|
    |select_ln879_44_reg_4626               |  5|   0|    7|          2|
    |select_ln879_46_reg_4455               |  6|   0|    7|          1|
    +---------------------------------------+---+----+-----+-----------+
    |Total                                  |333|   0|  366|         33|
    +---------------------------------------+---+----+-----+-----------+



================================================================
== Interface
================================================================
* Summary: 
+-----------------------------+-----+-----+------------+--------------------+--------------+
|          RTL Ports          | Dir | Bits|  Protocol  |    Source Object   |    C Type    |
+-----------------------------+-----+-----+------------+--------------------+--------------+
|ap_clk                       |  in |    1| ap_ctrl_hs |       lnzero       | return value |
|ap_rst                       |  in |    1| ap_ctrl_hs |       lnzero       | return value |
|ap_start                     |  in |    1| ap_ctrl_hs |       lnzero       | return value |
|ap_done                      | out |    1| ap_ctrl_hs |       lnzero       | return value |
|ap_idle                      | out |    1| ap_ctrl_hs |       lnzero       | return value |
|ap_ready                     | out |    1| ap_ctrl_hs |       lnzero       | return value |
|ap_return                    | out |    9| ap_ctrl_hs |       lnzero       | return value |
|particles_0_pt_V             |  in |   16|   ap_none  |  particles_0_pt_V  |    pointer   |
|particles_1_pt_V             |  in |   16|   ap_none  |  particles_1_pt_V  |    pointer   |
|particles_2_pt_V             |  in |   16|   ap_none  |  particles_2_pt_V  |    pointer   |
|particles_3_pt_V             |  in |   16|   ap_none  |  particles_3_pt_V  |    pointer   |
|particles_4_pt_V             |  in |   16|   ap_none  |  particles_4_pt_V  |    pointer   |
|particles_5_pt_V             |  in |   16|   ap_none  |  particles_5_pt_V  |    pointer   |
|particles_6_pt_V             |  in |   16|   ap_none  |  particles_6_pt_V  |    pointer   |
|particles_7_pt_V             |  in |   16|   ap_none  |  particles_7_pt_V  |    pointer   |
|particles_8_pt_V             |  in |   16|   ap_none  |  particles_8_pt_V  |    pointer   |
|particles_9_pt_V             |  in |   16|   ap_none  |  particles_9_pt_V  |    pointer   |
|particles_10_pt_V            |  in |   16|   ap_none  |  particles_10_pt_V |    pointer   |
|particles_11_pt_V            |  in |   16|   ap_none  |  particles_11_pt_V |    pointer   |
|particles_12_pt_V            |  in |   16|   ap_none  |  particles_12_pt_V |    pointer   |
|particles_13_pt_V            |  in |   16|   ap_none  |  particles_13_pt_V |    pointer   |
|particles_14_pt_V            |  in |   16|   ap_none  |  particles_14_pt_V |    pointer   |
|particles_15_pt_V            |  in |   16|   ap_none  |  particles_15_pt_V |    pointer   |
|particles_16_pt_V            |  in |   16|   ap_none  |  particles_16_pt_V |    pointer   |
|particles_17_pt_V            |  in |   16|   ap_none  |  particles_17_pt_V |    pointer   |
|particles_18_pt_V            |  in |   16|   ap_none  |  particles_18_pt_V |    pointer   |
|particles_19_pt_V            |  in |   16|   ap_none  |  particles_19_pt_V |    pointer   |
|particles_20_pt_V            |  in |   16|   ap_none  |  particles_20_pt_V |    pointer   |
|particles_21_pt_V            |  in |   16|   ap_none  |  particles_21_pt_V |    pointer   |
|particles_22_pt_V            |  in |   16|   ap_none  |  particles_22_pt_V |    pointer   |
|particles_23_pt_V            |  in |   16|   ap_none  |  particles_23_pt_V |    pointer   |
|particles_24_pt_V            |  in |   16|   ap_none  |  particles_24_pt_V |    pointer   |
|particles_25_pt_V            |  in |   16|   ap_none  |  particles_25_pt_V |    pointer   |
|particles_26_pt_V            |  in |   16|   ap_none  |  particles_26_pt_V |    pointer   |
|particles_27_pt_V            |  in |   16|   ap_none  |  particles_27_pt_V |    pointer   |
|particles_28_pt_V            |  in |   16|   ap_none  |  particles_28_pt_V |    pointer   |
|particles_29_pt_V            |  in |   16|   ap_none  |  particles_29_pt_V |    pointer   |
|particles_30_pt_V            |  in |   16|   ap_none  |  particles_30_pt_V |    pointer   |
|particles_31_pt_V            |  in |   16|   ap_none  |  particles_31_pt_V |    pointer   |
|particles_32_pt_V            |  in |   16|   ap_none  |  particles_32_pt_V |    pointer   |
|particles_33_pt_V            |  in |   16|   ap_none  |  particles_33_pt_V |    pointer   |
|particles_34_pt_V            |  in |   16|   ap_none  |  particles_34_pt_V |    pointer   |
|particles_35_pt_V            |  in |   16|   ap_none  |  particles_35_pt_V |    pointer   |
|particles_36_pt_V            |  in |   16|   ap_none  |  particles_36_pt_V |    pointer   |
|particles_37_pt_V            |  in |   16|   ap_none  |  particles_37_pt_V |    pointer   |
|particles_38_pt_V            |  in |   16|   ap_none  |  particles_38_pt_V |    pointer   |
|particles_39_pt_V            |  in |   16|   ap_none  |  particles_39_pt_V |    pointer   |
|particles_40_pt_V            |  in |   16|   ap_none  |  particles_40_pt_V |    pointer   |
|particles_41_pt_V            |  in |   16|   ap_none  |  particles_41_pt_V |    pointer   |
|particles_42_pt_V            |  in |   16|   ap_none  |  particles_42_pt_V |    pointer   |
|particles_43_pt_V            |  in |   16|   ap_none  |  particles_43_pt_V |    pointer   |
|particles_44_pt_V            |  in |   16|   ap_none  |  particles_44_pt_V |    pointer   |
|particles_45_pt_V            |  in |   16|   ap_none  |  particles_45_pt_V |    pointer   |
|particles_46_pt_V            |  in |   16|   ap_none  |  particles_46_pt_V |    pointer   |
|particles_47_pt_V            |  in |   16|   ap_none  |  particles_47_pt_V |    pointer   |
|particles_48_pt_V            |  in |   16|   ap_none  |  particles_48_pt_V |    pointer   |
|particles_49_pt_V            |  in |   16|   ap_none  |  particles_49_pt_V |    pointer   |
|particles_50_pt_V            |  in |   16|   ap_none  |  particles_50_pt_V |    pointer   |
|particles_51_pt_V            |  in |   16|   ap_none  |  particles_51_pt_V |    pointer   |
|particles_52_pt_V            |  in |   16|   ap_none  |  particles_52_pt_V |    pointer   |
|particles_53_pt_V            |  in |   16|   ap_none  |  particles_53_pt_V |    pointer   |
|particles_54_pt_V            |  in |   16|   ap_none  |  particles_54_pt_V |    pointer   |
|particles_55_pt_V            |  in |   16|   ap_none  |  particles_55_pt_V |    pointer   |
|particles_56_pt_V            |  in |   16|   ap_none  |  particles_56_pt_V |    pointer   |
|particles_57_pt_V            |  in |   16|   ap_none  |  particles_57_pt_V |    pointer   |
|particles_58_pt_V            |  in |   16|   ap_none  |  particles_58_pt_V |    pointer   |
|particles_59_pt_V            |  in |   16|   ap_none  |  particles_59_pt_V |    pointer   |
|particles_60_pt_V            |  in |   16|   ap_none  |  particles_60_pt_V |    pointer   |
|particles_61_pt_V            |  in |   16|   ap_none  |  particles_61_pt_V |    pointer   |
|particles_62_pt_V            |  in |   16|   ap_none  |  particles_62_pt_V |    pointer   |
|particles_63_pt_V            |  in |   16|   ap_none  |  particles_63_pt_V |    pointer   |
|particles_64_pt_V            |  in |   16|   ap_none  |  particles_64_pt_V |    pointer   |
|particles_65_pt_V            |  in |   16|   ap_none  |  particles_65_pt_V |    pointer   |
|particles_66_pt_V            |  in |   16|   ap_none  |  particles_66_pt_V |    pointer   |
|particles_67_pt_V            |  in |   16|   ap_none  |  particles_67_pt_V |    pointer   |
|particles_68_pt_V            |  in |   16|   ap_none  |  particles_68_pt_V |    pointer   |
|particles_69_pt_V            |  in |   16|   ap_none  |  particles_69_pt_V |    pointer   |
|particles_70_pt_V            |  in |   16|   ap_none  |  particles_70_pt_V |    pointer   |
|particles_71_pt_V            |  in |   16|   ap_none  |  particles_71_pt_V |    pointer   |
|particles_72_pt_V            |  in |   16|   ap_none  |  particles_72_pt_V |    pointer   |
|particles_73_pt_V            |  in |   16|   ap_none  |  particles_73_pt_V |    pointer   |
|particles_74_pt_V            |  in |   16|   ap_none  |  particles_74_pt_V |    pointer   |
|particles_75_pt_V            |  in |   16|   ap_none  |  particles_75_pt_V |    pointer   |
|particles_76_pt_V            |  in |   16|   ap_none  |  particles_76_pt_V |    pointer   |
|particles_77_pt_V            |  in |   16|   ap_none  |  particles_77_pt_V |    pointer   |
|particles_78_pt_V            |  in |   16|   ap_none  |  particles_78_pt_V |    pointer   |
|particles_79_pt_V            |  in |   16|   ap_none  |  particles_79_pt_V |    pointer   |
|particles_80_pt_V            |  in |   16|   ap_none  |  particles_80_pt_V |    pointer   |
|particles_81_pt_V            |  in |   16|   ap_none  |  particles_81_pt_V |    pointer   |
|particles_82_pt_V            |  in |   16|   ap_none  |  particles_82_pt_V |    pointer   |
|particles_83_pt_V            |  in |   16|   ap_none  |  particles_83_pt_V |    pointer   |
|particles_84_pt_V            |  in |   16|   ap_none  |  particles_84_pt_V |    pointer   |
|particles_85_pt_V            |  in |   16|   ap_none  |  particles_85_pt_V |    pointer   |
|particles_86_pt_V            |  in |   16|   ap_none  |  particles_86_pt_V |    pointer   |
|particles_87_pt_V            |  in |   16|   ap_none  |  particles_87_pt_V |    pointer   |
|particles_88_pt_V            |  in |   16|   ap_none  |  particles_88_pt_V |    pointer   |
|particles_89_pt_V            |  in |   16|   ap_none  |  particles_89_pt_V |    pointer   |
|particles_90_pt_V            |  in |   16|   ap_none  |  particles_90_pt_V |    pointer   |
|particles_91_pt_V            |  in |   16|   ap_none  |  particles_91_pt_V |    pointer   |
|particles_92_pt_V            |  in |   16|   ap_none  |  particles_92_pt_V |    pointer   |
|particles_93_pt_V            |  in |   16|   ap_none  |  particles_93_pt_V |    pointer   |
|particles_94_pt_V            |  in |   16|   ap_none  |  particles_94_pt_V |    pointer   |
|particles_95_pt_V            |  in |   16|   ap_none  |  particles_95_pt_V |    pointer   |
|particles_96_pt_V            |  in |   16|   ap_none  |  particles_96_pt_V |    pointer   |
|particles_97_pt_V            |  in |   16|   ap_none  |  particles_97_pt_V |    pointer   |
|particles_98_pt_V            |  in |   16|   ap_none  |  particles_98_pt_V |    pointer   |
|particles_99_pt_V            |  in |   16|   ap_none  |  particles_99_pt_V |    pointer   |
|particles_100_pt_V           |  in |   16|   ap_none  | particles_100_pt_V |    pointer   |
|particles_101_pt_V           |  in |   16|   ap_none  | particles_101_pt_V |    pointer   |
|particles_102_pt_V           |  in |   16|   ap_none  | particles_102_pt_V |    pointer   |
|particles_103_pt_V           |  in |   16|   ap_none  | particles_103_pt_V |    pointer   |
|particles_104_pt_V           |  in |   16|   ap_none  | particles_104_pt_V |    pointer   |
|particles_105_pt_V           |  in |   16|   ap_none  | particles_105_pt_V |    pointer   |
|particles_106_pt_V           |  in |   16|   ap_none  | particles_106_pt_V |    pointer   |
|particles_107_pt_V           |  in |   16|   ap_none  | particles_107_pt_V |    pointer   |
|particles_108_pt_V           |  in |   16|   ap_none  | particles_108_pt_V |    pointer   |
|particles_109_pt_V           |  in |   16|   ap_none  | particles_109_pt_V |    pointer   |
|particles_110_pt_V           |  in |   16|   ap_none  | particles_110_pt_V |    pointer   |
|particles_111_pt_V           |  in |   16|   ap_none  | particles_111_pt_V |    pointer   |
|particles_112_pt_V           |  in |   16|   ap_none  | particles_112_pt_V |    pointer   |
|particles_113_pt_V           |  in |   16|   ap_none  | particles_113_pt_V |    pointer   |
|particles_114_pt_V           |  in |   16|   ap_none  | particles_114_pt_V |    pointer   |
|particles_115_pt_V           |  in |   16|   ap_none  | particles_115_pt_V |    pointer   |
|particles_116_pt_V           |  in |   16|   ap_none  | particles_116_pt_V |    pointer   |
|particles_117_pt_V           |  in |   16|   ap_none  | particles_117_pt_V |    pointer   |
|particles_118_pt_V           |  in |   16|   ap_none  | particles_118_pt_V |    pointer   |
|particles_119_pt_V           |  in |   16|   ap_none  | particles_119_pt_V |    pointer   |
|particles_120_pt_V           |  in |   16|   ap_none  | particles_120_pt_V |    pointer   |
|particles_121_pt_V           |  in |   16|   ap_none  | particles_121_pt_V |    pointer   |
|particles_122_pt_V           |  in |   16|   ap_none  | particles_122_pt_V |    pointer   |
|particles_123_pt_V           |  in |   16|   ap_none  | particles_123_pt_V |    pointer   |
|particles_124_pt_V           |  in |   16|   ap_none  | particles_124_pt_V |    pointer   |
|particles_125_pt_V           |  in |   16|   ap_none  | particles_125_pt_V |    pointer   |
|particles_126_pt_V           |  in |   16|   ap_none  | particles_126_pt_V |    pointer   |
|particles_127_pt_V           |  in |   16|   ap_none  | particles_127_pt_V |    pointer   |
|particles_128_pt_V           |  in |   16|   ap_none  | particles_128_pt_V |    pointer   |
|particles_129_pt_V           |  in |   16|   ap_none  | particles_129_pt_V |    pointer   |
|particles_130_pt_V           |  in |   16|   ap_none  | particles_130_pt_V |    pointer   |
|particles_131_pt_V           |  in |   16|   ap_none  | particles_131_pt_V |    pointer   |
|particles_132_pt_V           |  in |   16|   ap_none  | particles_132_pt_V |    pointer   |
|particles_133_pt_V           |  in |   16|   ap_none  | particles_133_pt_V |    pointer   |
|particles_134_pt_V           |  in |   16|   ap_none  | particles_134_pt_V |    pointer   |
|particles_135_pt_V           |  in |   16|   ap_none  | particles_135_pt_V |    pointer   |
|particles_136_pt_V           |  in |   16|   ap_none  | particles_136_pt_V |    pointer   |
|particles_137_pt_V           |  in |   16|   ap_none  | particles_137_pt_V |    pointer   |
|particles_138_pt_V           |  in |   16|   ap_none  | particles_138_pt_V |    pointer   |
|particles_139_pt_V           |  in |   16|   ap_none  | particles_139_pt_V |    pointer   |
|particles_140_pt_V           |  in |   16|   ap_none  | particles_140_pt_V |    pointer   |
|particles_141_pt_V           |  in |   16|   ap_none  | particles_141_pt_V |    pointer   |
|particles_142_pt_V           |  in |   16|   ap_none  | particles_142_pt_V |    pointer   |
|particles_143_pt_V           |  in |   16|   ap_none  | particles_143_pt_V |    pointer   |
|particles_144_pt_V           |  in |   16|   ap_none  | particles_144_pt_V |    pointer   |
|particles_145_pt_V           |  in |   16|   ap_none  | particles_145_pt_V |    pointer   |
|particles_146_pt_V           |  in |   16|   ap_none  | particles_146_pt_V |    pointer   |
|particles_147_pt_V           |  in |   16|   ap_none  | particles_147_pt_V |    pointer   |
|particles_148_pt_V           |  in |   16|   ap_none  | particles_148_pt_V |    pointer   |
|particles_149_pt_V           |  in |   16|   ap_none  | particles_149_pt_V |    pointer   |
|particles_150_pt_V           |  in |   16|   ap_none  | particles_150_pt_V |    pointer   |
|particles_151_pt_V           |  in |   16|   ap_none  | particles_151_pt_V |    pointer   |
|particles_152_pt_V           |  in |   16|   ap_none  | particles_152_pt_V |    pointer   |
|particles_153_pt_V           |  in |   16|   ap_none  | particles_153_pt_V |    pointer   |
|particles_154_pt_V           |  in |   16|   ap_none  | particles_154_pt_V |    pointer   |
|particles_155_pt_V           |  in |   16|   ap_none  | particles_155_pt_V |    pointer   |
|particles_156_pt_V           |  in |   16|   ap_none  | particles_156_pt_V |    pointer   |
|particles_157_pt_V           |  in |   16|   ap_none  | particles_157_pt_V |    pointer   |
|particles_158_pt_V           |  in |   16|   ap_none  | particles_158_pt_V |    pointer   |
|particles_159_pt_V           |  in |   16|   ap_none  | particles_159_pt_V |    pointer   |
|particles_160_pt_V           |  in |   16|   ap_none  | particles_160_pt_V |    pointer   |
|particles_161_pt_V           |  in |   16|   ap_none  | particles_161_pt_V |    pointer   |
|particles_162_pt_V           |  in |   16|   ap_none  | particles_162_pt_V |    pointer   |
|particles_163_pt_V           |  in |   16|   ap_none  | particles_163_pt_V |    pointer   |
|particles_164_pt_V           |  in |   16|   ap_none  | particles_164_pt_V |    pointer   |
|particles_165_pt_V           |  in |   16|   ap_none  | particles_165_pt_V |    pointer   |
|particles_166_pt_V           |  in |   16|   ap_none  | particles_166_pt_V |    pointer   |
|particles_167_pt_V           |  in |   16|   ap_none  | particles_167_pt_V |    pointer   |
|particles_168_pt_V           |  in |   16|   ap_none  | particles_168_pt_V |    pointer   |
|particles_169_pt_V           |  in |   16|   ap_none  | particles_169_pt_V |    pointer   |
|particles_170_pt_V           |  in |   16|   ap_none  | particles_170_pt_V |    pointer   |
|particles_171_pt_V           |  in |   16|   ap_none  | particles_171_pt_V |    pointer   |
|particles_172_pt_V           |  in |   16|   ap_none  | particles_172_pt_V |    pointer   |
|particles_173_pt_V           |  in |   16|   ap_none  | particles_173_pt_V |    pointer   |
|particles_174_pt_V           |  in |   16|   ap_none  | particles_174_pt_V |    pointer   |
|particles_175_pt_V           |  in |   16|   ap_none  | particles_175_pt_V |    pointer   |
|particles_176_pt_V           |  in |   16|   ap_none  | particles_176_pt_V |    pointer   |
|particles_177_pt_V           |  in |   16|   ap_none  | particles_177_pt_V |    pointer   |
|particles_178_pt_V           |  in |   16|   ap_none  | particles_178_pt_V |    pointer   |
|particles_179_pt_V           |  in |   16|   ap_none  | particles_179_pt_V |    pointer   |
|particles_180_pt_V           |  in |   16|   ap_none  | particles_180_pt_V |    pointer   |
|particles_181_pt_V           |  in |   16|   ap_none  | particles_181_pt_V |    pointer   |
|particles_182_pt_V           |  in |   16|   ap_none  | particles_182_pt_V |    pointer   |
|particles_183_pt_V           |  in |   16|   ap_none  | particles_183_pt_V |    pointer   |
|particles_184_pt_V           |  in |   16|   ap_none  | particles_184_pt_V |    pointer   |
|particles_185_pt_V           |  in |   16|   ap_none  | particles_185_pt_V |    pointer   |
|particles_186_pt_V           |  in |   16|   ap_none  | particles_186_pt_V |    pointer   |
|particles_187_pt_V           |  in |   16|   ap_none  | particles_187_pt_V |    pointer   |
|particles_188_pt_V           |  in |   16|   ap_none  | particles_188_pt_V |    pointer   |
|particles_189_pt_V           |  in |   16|   ap_none  | particles_189_pt_V |    pointer   |
|particles_190_pt_V           |  in |   16|   ap_none  | particles_190_pt_V |    pointer   |
|particles_191_pt_V           |  in |   16|   ap_none  | particles_191_pt_V |    pointer   |
|particles_192_pt_V           |  in |   16|   ap_none  | particles_192_pt_V |    pointer   |
|particles_193_pt_V           |  in |   16|   ap_none  | particles_193_pt_V |    pointer   |
|particles_194_pt_V           |  in |   16|   ap_none  | particles_194_pt_V |    pointer   |
|particles_195_pt_V           |  in |   16|   ap_none  | particles_195_pt_V |    pointer   |
|particles_196_pt_V           |  in |   16|   ap_none  | particles_196_pt_V |    pointer   |
|particles_197_pt_V           |  in |   16|   ap_none  | particles_197_pt_V |    pointer   |
|particles_198_pt_V           |  in |   16|   ap_none  | particles_198_pt_V |    pointer   |
|particles_199_pt_V           |  in |   16|   ap_none  | particles_199_pt_V |    pointer   |
|particles_200_pt_V           |  in |   16|   ap_none  | particles_200_pt_V |    pointer   |
|particles_201_pt_V           |  in |   16|   ap_none  | particles_201_pt_V |    pointer   |
|particles_202_pt_V           |  in |   16|   ap_none  | particles_202_pt_V |    pointer   |
|particles_203_pt_V           |  in |   16|   ap_none  | particles_203_pt_V |    pointer   |
|particles_204_pt_V           |  in |   16|   ap_none  | particles_204_pt_V |    pointer   |
|particles_205_pt_V           |  in |   16|   ap_none  | particles_205_pt_V |    pointer   |
|particles_206_pt_V           |  in |   16|   ap_none  | particles_206_pt_V |    pointer   |
|particles_207_pt_V           |  in |   16|   ap_none  | particles_207_pt_V |    pointer   |
|particles_208_pt_V           |  in |   16|   ap_none  | particles_208_pt_V |    pointer   |
|particles_209_pt_V           |  in |   16|   ap_none  | particles_209_pt_V |    pointer   |
|particles_210_pt_V           |  in |   16|   ap_none  | particles_210_pt_V |    pointer   |
|particles_211_pt_V           |  in |   16|   ap_none  | particles_211_pt_V |    pointer   |
|particles_212_pt_V           |  in |   16|   ap_none  | particles_212_pt_V |    pointer   |
|particles_213_pt_V           |  in |   16|   ap_none  | particles_213_pt_V |    pointer   |
|particles_214_pt_V           |  in |   16|   ap_none  | particles_214_pt_V |    pointer   |
|particles_215_pt_V           |  in |   16|   ap_none  | particles_215_pt_V |    pointer   |
|particles_216_pt_V           |  in |   16|   ap_none  | particles_216_pt_V |    pointer   |
|particles_217_pt_V           |  in |   16|   ap_none  | particles_217_pt_V |    pointer   |
|particles_218_pt_V           |  in |   16|   ap_none  | particles_218_pt_V |    pointer   |
|particles_219_pt_V           |  in |   16|   ap_none  | particles_219_pt_V |    pointer   |
|particles_220_pt_V           |  in |   16|   ap_none  | particles_220_pt_V |    pointer   |
|particles_221_pt_V           |  in |   16|   ap_none  | particles_221_pt_V |    pointer   |
|particles_222_pt_V           |  in |   16|   ap_none  | particles_222_pt_V |    pointer   |
|particles_223_pt_V           |  in |   16|   ap_none  | particles_223_pt_V |    pointer   |
|particles_224_pt_V           |  in |   16|   ap_none  | particles_224_pt_V |    pointer   |
|particles_225_pt_V           |  in |   16|   ap_none  | particles_225_pt_V |    pointer   |
|particles_226_pt_V           |  in |   16|   ap_none  | particles_226_pt_V |    pointer   |
|particles_227_pt_V           |  in |   16|   ap_none  | particles_227_pt_V |    pointer   |
|particles_228_pt_V           |  in |   16|   ap_none  | particles_228_pt_V |    pointer   |
|particles_229_pt_V           |  in |   16|   ap_none  | particles_229_pt_V |    pointer   |
|particles_230_pt_V           |  in |   16|   ap_none  | particles_230_pt_V |    pointer   |
|particles_231_pt_V           |  in |   16|   ap_none  | particles_231_pt_V |    pointer   |
|particles_232_pt_V           |  in |   16|   ap_none  | particles_232_pt_V |    pointer   |
|particles_233_pt_V           |  in |   16|   ap_none  | particles_233_pt_V |    pointer   |
|particles_234_pt_V           |  in |   16|   ap_none  | particles_234_pt_V |    pointer   |
|particles_235_pt_V           |  in |   16|   ap_none  | particles_235_pt_V |    pointer   |
|particles_236_pt_V           |  in |   16|   ap_none  | particles_236_pt_V |    pointer   |
|particles_237_pt_V           |  in |   16|   ap_none  | particles_237_pt_V |    pointer   |
|particles_238_pt_V           |  in |   16|   ap_none  | particles_238_pt_V |    pointer   |
|particles_239_pt_V           |  in |   16|   ap_none  | particles_239_pt_V |    pointer   |
|particles_240_pt_V           |  in |   16|   ap_none  | particles_240_pt_V |    pointer   |
|particles_241_pt_V           |  in |   16|   ap_none  | particles_241_pt_V |    pointer   |
|particles_242_pt_V           |  in |   16|   ap_none  | particles_242_pt_V |    pointer   |
|particles_243_pt_V           |  in |   16|   ap_none  | particles_243_pt_V |    pointer   |
|particles_244_pt_V           |  in |   16|   ap_none  | particles_244_pt_V |    pointer   |
|particles_245_pt_V           |  in |   16|   ap_none  | particles_245_pt_V |    pointer   |
|particles_246_pt_V           |  in |   16|   ap_none  | particles_246_pt_V |    pointer   |
|particles_247_pt_V           |  in |   16|   ap_none  | particles_247_pt_V |    pointer   |
|particles_248_pt_V           |  in |   16|   ap_none  | particles_248_pt_V |    pointer   |
|particles_249_pt_V           |  in |   16|   ap_none  | particles_249_pt_V |    pointer   |
|particles_250_pt_V           |  in |   16|   ap_none  | particles_250_pt_V |    pointer   |
|particles_251_pt_V           |  in |   16|   ap_none  | particles_251_pt_V |    pointer   |
|particles_252_pt_V           |  in |   16|   ap_none  | particles_252_pt_V |    pointer   |
|particles_253_pt_V           |  in |   16|   ap_none  | particles_253_pt_V |    pointer   |
|particles_254_pt_V           |  in |   16|   ap_none  | particles_254_pt_V |    pointer   |
|particles_255_pt_V           |  in |   16|   ap_none  | particles_255_pt_V |    pointer   |
|particles_eta_V_address0     | out |    8|  ap_memory |   particles_eta_V  |     array    |
|particles_eta_V_ce0          | out |    1|  ap_memory |   particles_eta_V  |     array    |
|particles_eta_V_we0          | out |    1|  ap_memory |   particles_eta_V  |     array    |
|particles_eta_V_d0           | out |   10|  ap_memory |   particles_eta_V  |     array    |
|particles_eta_V_q0           |  in |   10|  ap_memory |   particles_eta_V  |     array    |
|particles_eta_V_address1     | out |    8|  ap_memory |   particles_eta_V  |     array    |
|particles_eta_V_ce1          | out |    1|  ap_memory |   particles_eta_V  |     array    |
|particles_eta_V_we1          | out |    1|  ap_memory |   particles_eta_V  |     array    |
|particles_eta_V_d1           | out |   10|  ap_memory |   particles_eta_V  |     array    |
|particles_eta_V_q1           |  in |   10|  ap_memory |   particles_eta_V  |     array    |
|particles_phi_V_address0     | out |    8|  ap_memory |   particles_phi_V  |     array    |
|particles_phi_V_ce0          | out |    1|  ap_memory |   particles_phi_V  |     array    |
|particles_phi_V_we0          | out |    1|  ap_memory |   particles_phi_V  |     array    |
|particles_phi_V_d0           | out |   10|  ap_memory |   particles_phi_V  |     array    |
|particles_phi_V_q0           |  in |   10|  ap_memory |   particles_phi_V  |     array    |
|particles_phi_V_address1     | out |    8|  ap_memory |   particles_phi_V  |     array    |
|particles_phi_V_ce1          | out |    1|  ap_memory |   particles_phi_V  |     array    |
|particles_phi_V_we1          | out |    1|  ap_memory |   particles_phi_V  |     array    |
|particles_phi_V_d1           | out |   10|  ap_memory |   particles_phi_V  |     array    |
|particles_phi_V_q1           |  in |   10|  ap_memory |   particles_phi_V  |     array    |
|particles_mass_V_address0    | out |    8|  ap_memory |  particles_mass_V  |     array    |
|particles_mass_V_ce0         | out |    1|  ap_memory |  particles_mass_V  |     array    |
|particles_mass_V_we0         | out |    1|  ap_memory |  particles_mass_V  |     array    |
|particles_mass_V_d0          | out |   16|  ap_memory |  particles_mass_V  |     array    |
|particles_mass_V_q0          |  in |   16|  ap_memory |  particles_mass_V  |     array    |
|particles_mass_V_address1    | out |    8|  ap_memory |  particles_mass_V  |     array    |
|particles_mass_V_ce1         | out |    1|  ap_memory |  particles_mass_V  |     array    |
|particles_mass_V_we1         | out |    1|  ap_memory |  particles_mass_V  |     array    |
|particles_mass_V_d1          | out |   16|  ap_memory |  particles_mass_V  |     array    |
|particles_mass_V_q1          |  in |   16|  ap_memory |  particles_mass_V  |     array    |
|particles_charge_V_address0  | out |    8|  ap_memory | particles_charge_V |     array    |
|particles_charge_V_ce0       | out |    1|  ap_memory | particles_charge_V |     array    |
|particles_charge_V_we0       | out |    1|  ap_memory | particles_charge_V |     array    |
|particles_charge_V_d0        | out |    3|  ap_memory | particles_charge_V |     array    |
|particles_charge_V_q0        |  in |    3|  ap_memory | particles_charge_V |     array    |
|particles_charge_V_address1  | out |    8|  ap_memory | particles_charge_V |     array    |
|particles_charge_V_ce1       | out |    1|  ap_memory | particles_charge_V |     array    |
|particles_charge_V_we1       | out |    1|  ap_memory | particles_charge_V |     array    |
|particles_charge_V_d1        | out |    3|  ap_memory | particles_charge_V |     array    |
|particles_charge_V_q1        |  in |    3|  ap_memory | particles_charge_V |     array    |
+-----------------------------+-----+-----+------------+--------------------+--------------+

